******************************************************************************
             TMS320C2000 Linker PC v6.4.6                      
******************************************************************************
>> Linked Thu Feb 11 10:16:34 2016

OUTPUT FILE NAME:   <28335_fastRTS.out>
ENTRY POINT SYMBOL: "code_start"  address: 00000000


MEMORY CONFIGURATION

         name            origin    length      used     unused   attr    fill
----------------------  --------  ---------  --------  --------  ----  --------
PAGE 0:
  BEGIN                 00000000   00000002  00000002  00000000  RWIX
  BOOT_RSVD             00000002   0000004e  00000000  0000004e  RWIX
  RAMM0                 00000050   000003b0  00000000  000003b0  RWIX
  RAML0                 00008000   00001000  00000016  00000fea  RWIX
  RAML1L2               00009000   00002000  000002af  00001d51  RWIX
  RAML3                 0000b000   00001000  00000000  00001000  RWIX
  ZONE7A                00200000   0000fc00  00000000  0000fc00  RWIX
  CSM_RSVD              0033ff80   00000076  00000000  00000076  RWIX
  CSM_PWL               0033fff8   00000008  00000000  00000008  RWIX
  ADC_CAL               00380080   00000009  00000000  00000009  RWIX
  IQTABLES              003fe000   00000b50  00000000  00000b50  RWIX
  IQTABLES2             003feb50   0000008c  00000000  0000008c  RWIX
  FPUTABLES             003febdc   000006a0  000006a0  00000000  RWIX
  BOOTROM               003ff27c   00000d44  00000000  00000d44  RWIX
  RESET                 003fffc0   00000002  00000000  00000002  RWIX

PAGE 1:
  RAMM1                 00000400   00000400  00000190  00000270  RWIX
  RAML4                 0000c000   00001000  000002c8  00000d38  RWIX
  RAML5                 0000d000   00001000  00000000  00001000  RWIX
  RAML6                 0000e000   00001000  00000000  00001000  RWIX
  RAML7                 0000f000   00001000  00000000  00001000  RWIX
  ZONE7B                0020fc00   00000400  00000000  00000400  RWIX


SECTION ALLOCATION MAP

 output                                  attributes/
section   page    origin      length       input sections
--------  ----  ----------  ----------   ----------------
codestart 
*          0    00000000    00000002     
                  00000000    00000002     CodeStartBranch.obj (codestart)

.cinit     0    00008000    00000016     
                  00008000    0000000a     rts2800_fpu32.lib : exit.obj (.cinit)
                  0000800a    00000005                       : _lock.obj (.cinit:__lock)
                  0000800f    00000005                       : _lock.obj (.cinit:__unlock)
                  00008014    00000002     --HOLE-- [fill = 0]

.text      0    00009000    000002af     
                  00009000    0000013a     fastRTS_sample.obj (.text)
                  0000913a    0000004a     rts2800_fpu32_fast_supplement.lib : atan_f32.obj (.text)
                  00009184    00000046     rts2800_fpu32.lib : boot.obj (.text)
                  000091ca    00000034     rts2800_fpu32_fast_supplement.lib : cos_f32.obj (.text)
                  000091fe    00000034                                       : sin_f32.obj (.text)
                  00009232    00000021                                       : sqrt_f32.obj (.text)
                  00009253    00000019     rts2800_fpu32.lib : args_main.obj (.text)
                  0000926c    00000019                       : exit.obj (.text)
                  00009285    00000019     rts2800_fpu32_fast_supplement.lib : div_f32.obj (.text)
                  0000929e    00000009     rts2800_fpu32.lib : _lock.obj (.text)
                  000092a7    00000008     CodeStartBranch.obj (.text)

FPUmathTables 
*          0    003febdc    000006a0     NOLOAD SECTION
                  003febdc    000006a0     rts2800_fpu32_fast_supplement.lib : FPUmathTables.obj (FPUmathTables)

.pinit     0    00008000    00000000     UNINITIALIZED

.stack     1    00000400    00000190     UNINITIALIZED
                  00000400    00000190     --HOLE--

.ebss      1    0000c000    000002c8     UNINITIALIZED
                  0000c000    000002c0     fastRTS_sample.obj (.ebss)
                  0000c2c0    00000004     rts2800_fpu32.lib : exit.obj (.ebss)
                  0000c2c4    00000002                       : _lock.obj (.ebss:__lock)
                  0000c2c6    00000002                       : _lock.obj (.ebss:__unlock)

.reset     0    003fffc0    00000002     DSECT
                  003fffc0    00000002     rts2800_fpu32.lib : boot.obj (.reset)

csm_rsvd   0    0033ff80    00000000     DSECT

csmpasswds 
*          0    0033fff8    00000000     DSECT


GLOBAL DATA SYMBOLS: SORTED BY DATA PAGE

address     data page           name
--------    ----------------    ----
00000400      10 (00000400)     __stack

0000c000     300 (0000c000)     _Step

0000c040     301 (0000c040)     _Dlog

0000c2c0     30b (0000c2c0)     ___TI_cleanup_ptr
0000c2c2     30b (0000c2c0)     ___TI_dtors_ptr
0000c2c4     30b (0000c2c0)     __lock
0000c2c6     30b (0000c2c0)     __unlock

003febdc    ffaf (003febc0)     _FPUsinTable

003fecdc    ffb3 (003fecc0)     _FPUcosTable

003fefdc    ffbf (003fefc0)     _FPUsinTableEnd

003ff0de    ffc3 (003ff0c0)     _FPUatan2HalfPITable
003ff0de    ffc3 (003ff0c0)     _FPUcosTableEnd
003ff0e2    ffc3 (003ff0c0)     _FPUatan2Table

003ff268    ffc9 (003ff240)     _FPUatan2TableEnd


GLOBAL SYMBOLS: SORTED ALPHABETICALLY BY Name 

page  address   name                
----  -------   ----                
0     00009000  .text               
0     0000926c  C$$EXIT             
0     00009285  FS$$DIV             
1     0000c040  _Dlog               
0     003ff0de  _FPUatan2HalfPITable
0     003ff0e2  _FPUatan2Table      
0     003ff268  _FPUatan2TableEnd   
0     003fecdc  _FPUcosTable        
0     003ff0de  _FPUcosTableEnd     
0     003febdc  _FPUsinTable        
0     003fefdc  _FPUsinTableEnd     
1     0000c000  _Step               
1     00000590  __STACK_END         
abs   00000190  __STACK_SIZE        
1     0000c2c0  ___TI_cleanup_ptr   
1     0000c2c2  ___TI_dtors_ptr     
abs   ffffffff  ___binit__          
abs   ffffffff  ___c_args__         
0     00008000  ___cinit__          
0     000092af  ___etext__          
abs   ffffffff  ___pinit__          
0     00009000  ___text__           
0     00009253  __args_main         
1     0000c2c4  __lock              
0     000092a6  __nop               
0     000092a2  __register_lock     
0     0000929e  __register_unlock   
1     00000400  __stack             
1     0000c2c6  __unlock            
0     0000926c  _abort              
0     0000913a  _atan               
0     00009184  _c_int00            
0     000091ca  _cos                
0     00009137  _done               
0     0000926e  _exit               
0     00009000  _main               
0     000091fe  _sin                
0     00009232  _sqrt               
abs   ffffffff  binit               
0     00008000  cinit               
0     00000000  code_start          
0     000092af  etext               
abs   ffffffff  pinit               


GLOBAL SYMBOLS: SORTED BY Symbol Address 

page  address   name                
----  -------   ----                
0     00000000  code_start          
0     00008000  ___cinit__          
0     00008000  cinit               
0     00009000  .text               
0     00009000  ___text__           
0     00009000  _main               
0     00009137  _done               
0     0000913a  _atan               
0     00009184  _c_int00            
0     000091ca  _cos                
0     000091fe  _sin                
0     00009232  _sqrt               
0     00009253  __args_main         
0     0000926c  C$$EXIT             
0     0000926c  _abort              
0     0000926e  _exit               
0     00009285  FS$$DIV             
0     0000929e  __register_unlock   
0     000092a2  __register_lock     
0     000092a6  __nop               
0     000092af  ___etext__          
0     000092af  etext               
0     003febdc  _FPUsinTable        
0     003fecdc  _FPUcosTable        
0     003fefdc  _FPUsinTableEnd     
0     003ff0de  _FPUatan2HalfPITable
0     003ff0de  _FPUcosTableEnd     
0     003ff0e2  _FPUatan2Table      
0     003ff268  _FPUatan2TableEnd   
1     00000400  __stack             
1     00000590  __STACK_END         
1     0000c000  _Step               
1     0000c040  _Dlog               
1     0000c2c0  ___TI_cleanup_ptr   
1     0000c2c2  ___TI_dtors_ptr     
1     0000c2c4  __lock              
1     0000c2c6  __unlock            
abs   00000190  __STACK_SIZE        
abs   ffffffff  ___binit__          
abs   ffffffff  ___c_args__         
abs   ffffffff  ___pinit__          
abs   ffffffff  binit               
abs   ffffffff  pinit               

[43 symbols]
